[ 1797.042094] cfg80211: World regulatory domain updated:
[ 1797.042100] cfg80211:  DFS Master region: unset
[ 1797.042102] cfg80211:   (start_freq - end_freq @ bandwidth), (max_antenna_gain, max_eirp), (dfs_cac_time)
[ 1797.042107] cfg80211:   (2402000 KHz - 2472000 KHz @ 40000 KHz), (N/A, 2000 mBm), (N/A)
[ 1797.042110] cfg80211:   (2457000 KHz - 2482000 KHz @ 40000 KHz), (N/A, 2000 mBm), (N/A)
[ 1797.042113] cfg80211:   (2474000 KHz - 2494000 KHz @ 20000 KHz), (N/A, 2000 mBm), (N/A)
[ 1797.042116] cfg80211:   (5170000 KHz - 5250000 KHz @ 80000 KHz, 160000 KHz AUTO), (N/A, 2000 mBm), (N/A)
[ 1797.042120] cfg80211:   (5250000 KHz - 5330000 KHz @ 80000 KHz, 160000 KHz AUTO), (N/A, 2000 mBm), (0 s)
[ 1797.042123] cfg80211:   (5490000 KHz - 5730000 KHz @ 160000 KHz), (N/A, 2000 mBm), (0 s)
[ 1797.042126] cfg80211:   (5735000 KHz - 5835000 KHz @ 80000 KHz), (N/A, 2000 mBm), (N/A)
[ 1797.042129] cfg80211:   (57240000 KHz - 63720000 KHz @ 2160000 KHz), (N/A, 0 mBm), (N/A)
[ 1797.333104] nouveau 0000:08:00.0: DRM: resuming kernel object tree...
[ 1797.459314] nouveau 0000:08:00.0: bus: MMIO write of 0000001f FAULT at 6013d4 [ IBUS ]
[ 1797.460165] nouveau 0000:08:00.0: DRM: resuming client object trees...
[ 1797.737379] nouveau 0000:08:00.0: bus: MMIO read of 00000000 FAULT at 50405c [ IBUS ]
[ 1797.737402] nouveau 0000:08:00.0: bus: MMIO write of badf1001 FAULT at 50405c [ IBUS ]
[ 1802.796208] ACPI Warning: \_SB_.PCI0.RP05.PEGP._DSM: Argument #4 type mismatch - Found [Buffer], ACPI requires [Package] (20150930/nsarguments-95)
[ 1802.796869] ACPI: \_SB_.PCI0.RP05.PEGP: failed to evaluate _DSM
[ 1802.796882] ACPI Warning: \_SB_.PCI0.RP05.PEGP._DSM: Argument #4 type mismatch - Found [Buffer], ACPI requires [Package] (20150930/nsarguments-95)
[ 1802.797290] nouveau 0000:08:00.0: DRM: evicting buffers...
[ 1802.808355] nouveau 0000:08:00.0: DRM: waiting for kernel channels to go idle...
[ 1802.808398] nouveau 0000:08:00.0: DRM: suspending client object trees...
[ 1802.808894] nouveau 0000:08:00.0: DRM: suspending kernel object tree...
[ 1804.818208] cfg80211: Regulatory domain changed to country: CN
[ 1804.818212] cfg80211:  DFS Master region: FCC
[ 1804.818214] cfg80211:   (start_freq - end_freq @ bandwidth), (max_antenna_gain, max_eirp), (dfs_cac_time)
[ 1804.818216] cfg80211:   (2402000 KHz - 2482000 KHz @ 40000 KHz), (N/A, 2000 mBm), (N/A)
[ 1804.818218] cfg80211:   (5170000 KHz - 5250000 KHz @ 80000 KHz, 160000 KHz AUTO), (N/A, 2300 mBm), (N/A)
[ 1804.818219] cfg80211:   (5250000 KHz - 5330000 KHz @ 80000 KHz, 160000 KHz AUTO), (N/A, 2300 mBm), (0 s)
[ 1804.818220] cfg80211:   (5735000 KHz - 5835000 KHz @ 80000 KHz), (N/A, 3000 mBm), (N/A)
[ 1804.818222] cfg80211:   (57240000 KHz - 59400000 KHz @ 2160000 KHz), (N/A, 2800 mBm), (N/A)
[ 1804.818223] cfg80211:   (59400000 KHz - 63720000 KHz @ 2160000 KHz), (N/A, 4400 mBm), (N/A)
[ 1804.818224] cfg80211:   (63720000 KHz - 65880000 KHz @ 2160000 KHz), (N/A, 2800 mBm), (N/A)
[    0.000000] Initializing cgroup subsys cpuset
[    0.000000] Initializing cgroup subsys cpu
[    0.000000] Initializing cgroup subsys cpuacct
[    0.000000] Linux version 4.4.0-70-generic (buildd@lgw01-13) (gcc version 5.4.0 20160609 (Ubuntu 5.4.0-6ubuntu1~16.04.4) ) #91-Ubuntu SMP Wed Mar 22 12:47:43 UTC 2017 (Ubuntu 4.4.0-70.91-generic 4.4.49)
[    0.000000] Command line: BOOT_IMAGE=/boot/vmlinuz-4.4.0-70-generic.efi.signed root=UUID=0eed72c4-9773-4b76-baaa-7707abc71312 ro quiet splash vt.handoff=7 acpi=force
[    0.000000] KERNEL supported cpus:
[    0.000000]   Intel GenuineIntel
[    0.000000]   AMD AuthenticAMD
[    0.000000]   Centaur CentaurHauls
[    0.000000] x86/fpu: xstate_offset[2]:  576, xstate_sizes[2]:  256
[    0.000000] x86/fpu: Supporting XSAVE feature 0x01: 'x87 floating point registers'
[    0.000000] x86/fpu: Supporting XSAVE feature 0x02: 'SSE registers'
[    0.000000] x86/fpu: Supporting XSAVE feature 0x04: 'AVX registers'
[    0.000000] x86/fpu: Enabled xstate features 0x7, context size is 832 bytes, using 'standard' format.
[    0.000000] x86/fpu: Using 'eager' FPU context switches.
[    0.000000] e820: BIOS-provided physical RAM map:
[    0.000000] BIOS-e820: [mem 0x0000000000000000-0x0000000000057fff] usable
[    0.000000] BIOS-e820: [mem 0x0000000000058000-0x0000000000058fff] reserved
[    0.000000] BIOS-e820: [mem 0x0000000000059000-0x000000000009efff] usable
[    0.000000] BIOS-e820: [mem 0x000000000009f000-0x000000000009ffff] reserved
[    0.000000] BIOS-e820: [mem 0x0000000000100000-0x00000000bab56fff] usable
[    0.000000] BIOS-e820: [mem 0x00000000bab57000-0x00000000bab5dfff] ACPI NVS
[    0.000000] BIOS-e820: [mem 0x00000000bab5e000-0x00000000baf87fff] usable
[    0.000000] BIOS-e820: [mem 0x00000000baf88000-0x00000000bb583fff] reserved
[    0.000000] BIOS-e820: [mem 0x00000000bb584000-0x00000000ca837fff] usable
[    0.000000] BIOS-e820: [mem 0x00000000ca838000-0x00000000cabaafff] reserved
[    0.000000] BIOS-e820: [mem 0x00000000cabab000-0x00000000cabc8fff] ACPI data
[    0.000000] BIOS-e820: [mem 0x00000000cabc9000-0x00000000cb56efff] ACPI NVS
[    0.000000] BIOS-e820: [mem 0x00000000cb56f000-0x00000000cbf6cfff] reserved
[    0.000000] BIOS-e820: [mem 0x00000000cbf6d000-0x00000000cbffdfff] type 20
[    0.000000] BIOS-e820: [mem 0x00000000cbffe000-0x00000000cbffefff] usable
[    0.000000] BIOS-e820: [mem 0x00000000cd000000-0x00000000cf1fffff] reserved
[    0.000000] BIOS-e820: [mem 0x00000000f8000000-0x00000000fbffffff] reserved
[    0.000000] BIOS-e820: [mem 0x00000000fec00000-0x00000000fec00fff] reserved
[    0.000000] BIOS-e820: [mem 0x00000000fed00000-0x00000000fed03fff] reserved
[    0.000000] BIOS-e820: [mem 0x00000000fed1c000-0x00000000fed1ffff] reserved
[    0.000000] BIOS-e820: [mem 0x00000000fee00000-0x00000000fee00fff] reserved
[    0.000000] BIOS-e820: [mem 0x00000000ff000000-0x00000000ffffffff] reserved
[    0.000000] BIOS-e820: [mem 0x0000000100000000-0x000000022fdfffff] usable
[    0.000000] NX (Execute Disable) protection: active
[    0.000000] efi: EFI v2.31 by American Megatrends
[    0.000000] efi:  ACPI=0xcabb1000  ACPI 2.0=0xcabb1000  SMBIOS=0xf04c0  MPS=0xfd830 
[    0.000000] SMBIOS 2.8 present.
[    0.000000] DMI: Dell Inc. Inspiron 3442/0HVCH1, BIOS A08 07/13/2015
[    0.000000] e820: update [mem 0x00000000-0x00000fff] usable ==> reserved
[    0.000000] e820: remove [mem 0x000a0000-0x000fffff] usable
[    0.000000] e820: last_pfn = 0x22fe00 max_arch_pfn = 0x400000000
[    0.000000] MTRR default type: uncachable
[    0.000000] MTRR fixed ranges enabled:
[    0.000000]   00000-9FFFF write-back
[    0.000000]   A0000-BFFFF uncachable
[    0.000000]   C0000-CFFFF write-protect
[    0.000000]   D0000-DFFFF uncachable
[    0.000000]   E0000-FFFFF write-protect
[    0.000000] MTRR variable ranges enabled:
[    0.000000]   0 base 0000000000 mask 7E00000000 write-back
[    0.000000]   1 base 0200000000 mask 7FE0000000 write-back
[    0.000000]   2 base 0220000000 mask 7FF0000000 write-back
[    0.000000]   3 base 00E0000000 mask 7FE0000000 uncachable
[    0.000000]   4 base 00D0000000 mask 7FF0000000 uncachable
[    0.000000]   5 base 00CE000000 mask 7FFE000000 uncachable
[    0.000000]   6 base 00CD000000 mask 7FFF000000 uncachable
[    0.000000]   7 base 022FE00000 mask 7FFFE00000 uncachable
[    0.000000]   8 disabled
[    0.000000]   9 disabled
[    0.000000] x86/PAT: Configuration [0-7]: WB  WC  UC- UC  WB  WC  UC- WT  
[    0.000000] original variable MTRRs
[    0.000000] reg 0, base: 0GB, range: 8GB, type WB
[    0.000000] reg 1, base: 8GB, range: 512MB, type WB
[    0.000000] reg 2, base: 8704MB, range: 256MB, type WB
[    0.000000] reg 3, base: 3584MB, range: 512MB, type UC
[    0.000000] reg 4, base: 3328MB, range: 256MB, type UC
[    0.000000] reg 5, base: 3296MB, range: 32MB, type UC
[    0.000000] reg 6, base: 3280MB, range: 16MB, type UC
[    0.000000] reg 7, base: 8958MB, range: 2MB, type UC
[    0.000000] total RAM covered: 8142M
[    0.000000] Found optimal setting for mtrr clean up
[    0.000000]  gran_size: 64K 	chunk_size: 4M 	num_reg: 9  	lose cover RAM: 0G
[    0.000000] New variable MTRRs
[    0.000000] reg 0, base: 0GB, range: 2GB, type WB
[    0.000000] reg 1, base: 2GB, range: 1GB, type WB
[    0.000000] reg 2, base: 3GB, range: 128MB, type WB
[    0.000000] reg 3, base: 3200MB, range: 64MB, type WB
[    0.000000] reg 4, base: 3264MB, range: 16MB, type WB
[    0.000000] reg 5, base: 4GB, range: 4GB, type WB
[    0.000000] reg 6, base: 8GB, range: 512MB, type WB
[    0.000000] reg 7, base: 8704MB, range: 256MB, type WB
[    0.000000] reg 8, base: 8958MB, range: 2MB, type UC
[    0.000000] e820: update [mem 0xcd000000-0xffffffff] usable ==> reserved
[    0.000000] e820: last_pfn = 0xcbfff max_arch_pfn = 0x400000000
[    0.000000] found SMP MP-table at [mem 0x000fdb00-0x000fdb0f] mapped at [ffff8800000fdb00]
[    0.000000] Scanning 1 areas for low memory corruption
[    0.000000] Base memory trampoline at [ffff880000097000] 97000 size 24576
[    0.000000] Using GB pages for direct mapping
[    0.000000] BRK [0x0320b000, 0x0320bfff] PGTABLE
[    0.000000] BRK [0x0320c000, 0x0320cfff] PGTABLE
[    0.000000] BRK [0x0320d000, 0x0320dfff] PGTABLE
[    0.000000] BRK [0x0320e000, 0x0320efff] PGTABLE
[    0.000000] BRK [0x0320f000, 0x0320ffff] PGTABLE
[    0.000000] BRK [0x03210000, 0x03210fff] PGTABLE
[    0.000000] RAMDISK: [mem 0x33790000-0x35bbffff]
[    0.000000] ACPI: Early table checksum verification disabled
[    0.000000] ACPI: RSDP 0x00000000CABB1000 000024 (v02 DELL  )
[    0.000000] ACPI: XSDT 0x00000000CABB10A0 0000C4 (v01 DELL   WN09     01072009 AMI  00010013)
[    0.000000] ACPI: FACP 0x00000000CABC17E0 00010C (v05 DELL   WN09     01072009 AMI  00010013)
[    0.000000] ACPI: DSDT 0x00000000CABB11F8 0105E1 (v02 DELL   WN09     00000000 INTL 20120711)
[    0.000000] ACPI: FACS 0x00000000CB56BF80 000040
[    0.000000] ACPI: APIC 0x00000000CABC18F0 000072 (v03 DELL   WN09     01072009 AMI  00010013)
[    0.000000] ACPI: FPDT 0x00000000CABC1968 000044 (v01 DELL   WN09     01072009 AMI  00010013)
[    0.000000] ACPI: ASF! 0x00000000CABC19B0 0000A5 (v32 INTEL   HCG     00000001 TFSM 000F4240)
[    0.000000] ACPI: LPIT 0x00000000CABC1A58 000094 (v01 ALASKA          00000000 AMI. 00000005)
[    0.000000] ACPI: SSDT 0x00000000CABC1AF0 000228 (v01 INTEL  sensrhub 00000000 INTL 20120711)
[    0.000000] ACPI: SLIC 0x00000000CABC1D18 000176 (v01 DELL   WN09     01072009 AMI  00010013)
[    0.000000] ACPI: SSDT 0x00000000CABC1E90 0004B5 (v01 PmRef  Cpu0Ist  00003000 INTL 20120711)
[    0.000000] ACPI: SSDT 0x00000000CABC2348 000AD8 (v01 PmRef  CpuPm    00003000 INTL 20120711)
[    0.000000] ACPI: MCFG 0x00000000CABC2E20 00003C (v01 DELL   WN09     01072009 MSFT 00000097)
[    0.000000] ACPI: HPET 0x00000000CABC2E60 000038 (v01 DELL   WN09     01072009 AMI. 00000005)
[    0.000000] ACPI: SSDT 0x00000000CABC2E98 000315 (v01 SataRe SataTabl 00001000 INTL 20120711)
[    0.000000] ACPI: SSDT 0x00000000CABC31B0 0035A5 (v01 SaSsdt SaSsdt   00003000 INTL 20091112)
[    0.000000] ACPI: SSDT 0x00000000CABC6758 000972 (v01 SgRef  SgPch    00001000 INTL 20120711)
[    0.000000] ACPI: MSDM 0x00000000CABC70D0 000055 (v03 DELL   WN09     01072009 AMI  00010013)
[    0.000000] ACPI: SSDT 0x00000000CABC7128 00004B (v01 MeSsdt MeSsdt   00003000 INTL 20120711)
[    0.000000] ACPI: TPM2 0x00000000CABC7178 000034 (v03                 00000000      00000000)
[    0.000000] ACPI: BGRT 0x00000000CABC71B0 000038 (v00 DELL   WN09     01072009 AMI  00010013)
[    0.000000] ACPI: SSDT 0x00000000CABC71E8 00194E (v01 OptRef OptTabl  00001000 INTL 20120711)
[    0.000000] ACPI: CSRT 0x00000000CABC8B38 0000C4 (v01 INTL   HSWULT-R 00000001 INTL 20100528)
[    0.000000] ACPI: Local APIC address 0xfee00000
[    0.000000] No NUMA configuration found
[    0.000000] Faking a node at [mem 0x0000000000000000-0x000000022fdfffff]
[    0.000000] NODE_DATA(0) allocated [mem 0x22fdf6000-0x22fdfafff]
[    0.000000] Zone ranges:
[    0.000000]   DMA      [mem 0x0000000000001000-0x0000000000ffffff]
[    0.000000]   DMA32    [mem 0x0000000001000000-0x00000000ffffffff]
[    0.000000]   Normal   [mem 0x0000000100000000-0x000000022fdfffff]
[    0.000000]   Device   empty
[    0.000000] Movable zone start for each node
[    0.000000] Early memory node ranges
[    0.000000]   node   0: [mem 0x0000000000001000-0x0000000000057fff]
[    0.000000]   node   0: [mem 0x0000000000059000-0x000000000009efff]
[    0.000000]   node   0: [mem 0x0000000000100000-0x00000000bab56fff]
[    0.000000]   node   0: [mem 0x00000000bab5e000-0x00000000baf87fff]
[    0.000000]   node   0: [mem 0x00000000bb584000-0x00000000ca837fff]
[    0.000000]   node   0: [mem 0x00000000cbffe000-0x00000000cbffefff]
[    0.000000]   node   0: [mem 0x0000000100000000-0x000000022fdfffff]
[    0.000000] Initmem setup node 0 [mem 0x0000000000001000-0x000000022fdfffff]
[    0.000000] On node 0 totalpages: 2072531
[    0.000000]   DMA zone: 64 pages used for memmap
[    0.000000]   DMA zone: 26 pages reserved
[    0.000000]   DMA zone: 3997 pages, LIFO batch:0
[    0.000000]   DMA32 zone: 12873 pages used for memmap
[    0.000000]   DMA32 zone: 823862 pages, LIFO batch:31
[    0.000000]   Normal zone: 19448 pages used for memmap
[    0.000000]   Normal zone: 1244672 pages, LIFO batch:31
[    0.000000] Reserving Intel graphics stolen memory at 0xcd200000-0xcf1fffff
[    0.000000] ACPI: PM-Timer IO Port: 0x1808
[    0.000000] ACPI: Local APIC address 0xfee00000
[    0.000000] ACPI: LAPIC_NMI (acpi_id[0xff] high edge lint[0x1])
[    0.000000] IOAPIC[0]: apic_id 8, version 32, address 0xfec00000, GSI 0-39
[    0.000000] ACPI: INT_SRC_OVR (bus 0 bus_irq 0 global_irq 2 dfl dfl)
[    0.000000] ACPI: INT_SRC_OVR (bus 0 bus_irq 9 global_irq 9 high level)
[    0.000000] ACPI: IRQ0 used by override.
[    0.000000] ACPI: IRQ9 used by override.
[    0.000000] Using ACPI (MADT) for SMP configuration information
[    0.000000] ACPI: HPET id: 0x8086a701 base: 0xfed00000
[    0.000000] smpboot: Allowing 4 CPUs, 0 hotplug CPUs
[    0.000000] PM: Registered nosave memory: [mem 0x00000000-0x00000fff]
[    0.000000] PM: Registered nosave memory: [mem 0x00058000-0x00058fff]
[    0.000000] PM: Registered nosave memory: [mem 0x0009f000-0x0009ffff]
[    0.000000] PM: Registered nosave memory: [mem 0x000a0000-0x000fffff]
[    0.000000] PM: Registered nosave memory: [mem 0xbab57000-0xbab5dfff]
[    0.000000] PM: Registered nosave memory: [mem 0xbaf88000-0xbb583fff]
[    0.000000] PM: Registered nosave memory: [mem 0xca838000-0xcabaafff]
[    0.000000] PM: Registered nosave memory: [mem 0xcabab000-0xcabc8fff]
[    0.000000] PM: Registered nosave memory: [mem 0xcabc9000-0xcb56efff]
[    0.000000] PM: Registered nosave memory: [mem 0xcb56f000-0xcbf6cfff]
[    0.000000] PM: Registered nosave memory: [mem 0xcbf6d000-0xcbffdfff]
[    0.000000] PM: Registered nosave memory: [mem 0xcbfff000-0xccffffff]
[    0.000000] PM: Registered nosave memory: [mem 0xcd000000-0xcf1fffff]
[    0.000000] PM: Registered nosave memory: [mem 0xcf200000-0xf7ffffff]
[    0.000000] PM: Registered nosave memory: [mem 0xf8000000-0xfbffffff]
[    0.000000] PM: Registered nosave memory: [mem 0xfc000000-0xfebfffff]
[    0.000000] PM: Registered nosave memory: [mem 0xfec00000-0xfec00fff]
[    0.000000] PM: Registered nosave memory: [mem 0xfec01000-0xfecfffff]
[    0.000000] PM: Registered nosave memory: [mem 0xfed00000-0xfed03fff]
[    0.000000] PM: Registered nosave memory: [mem 0xfed04000-0xfed1bfff]
[    0.000000] PM: Registered nosave memory: [mem 0xfed1c000-0xfed1ffff]
[    0.000000] PM: Registered nosave memory: [mem 0xfed20000-0xfedfffff]
[    0.000000] PM: Registered nosave memory: [mem 0xfee00000-0xfee00fff]
[    0.000000] PM: Registered nosave memory: [mem 0xfee01000-0xfeffffff]
[    0.000000] PM: Registered nosave memory: [mem 0xff000000-0xffffffff]
[    0.000000] e820: [mem 0xcf200000-0xf7ffffff] available for PCI devices
[    0.000000] Booting paravirtualized kernel on bare hardware
[    0.000000] clocksource: refined-jiffies: mask: 0xffffffff max_cycles: 0xffffffff, max_idle_ns: 7645519600211568 ns
[    0.000000] setup_percpu: NR_CPUS:512 nr_cpumask_bits:512 nr_cpu_ids:4 nr_node_ids:1
[    0.000000] PERCPU: Embedded 33 pages/cpu @ffff88022fa00000 s98264 r8192 d28712 u524288
[    0.000000] pcpu-alloc: s98264 r8192 d28712 u524288 alloc=1*2097152
[    0.000000] pcpu-alloc: [0] 0 1 2 3 
[    0.000000] Built 1 zonelists in Node order, mobility grouping on.  Total pages: 2040120
[    0.000000] Policy zone: Normal
[    0.000000] Kernel command line: BOOT_IMAGE=/boot/vmlinuz-4.4.0-70-generic.efi.signed root=UUID=0eed72c4-9773-4b76-baaa-7707abc71312 ro quiet splash vt.handoff=7 acpi=force
[    0.000000] PID hash table entries: 4096 (order: 3, 32768 bytes)
[    0.000000] Calgary: detecting Calgary via BIOS EBDA area
[    0.000000] Calgary: Unable to locate Rio Grande table in EBDA - bailing!
[    0.000000] Memory: 7842260K/8290124K available (8452K kernel code, 1293K rwdata, 3976K rodata, 1484K init, 1316K bss, 447864K reserved, 0K cma-reserved)
[    0.000000] SLUB: HWalign=64, Order=0-3, MinObjects=0, CPUs=4, Nodes=1
[    0.000000] Hierarchical RCU implementation.
[    0.000000] 	Build-time adjustment of leaf fanout to 64.
[    0.000000] 	RCU restricting CPUs from NR_CPUS=512 to nr_cpu_ids=4.
[    0.000000] RCU: Adjusting geometry for rcu_fanout_leaf=64, nr_cpu_ids=4
[    0.000000] NR_IRQS:33024 nr_irqs:728 16
[    0.000000] vt handoff: transparent VT on vt#7
[    0.000000] Console: colour dummy device 80x25
[    0.000000] console [tty0] enabled
[    0.000000] clocksource: hpet: mask: 0xffffffff max_cycles: 0xffffffff, max_idle_ns: 133484882848 ns
[    0.000000] hpet clockevent registered
[    0.000000] tsc: Fast TSC calibration using PIT
[    0.000000] spurious 8259A interrupt: IRQ7.
[    0.000000] tsc: Detected 1696.085 MHz processor
[    0.000027] Calibrating delay loop (skipped), value calculated using timer frequency.. 3392.17 BogoMIPS (lpj=6784340)
[    0.000030] pid_max: default: 32768 minimum: 301
[    0.000035] ACPI: Core revision 20150930
[    0.015974] ACPI: 9 ACPI AML tables successfully acquired and loaded
[    0.016787] Security Framework initialized
[    0.016789] Yama: becoming mindful.
[    0.016802] AppArmor: AppArmor initialized
[    0.017273] Dentry cache hash table entries: 1048576 (order: 11, 8388608 bytes)
[    0.018935] Inode-cache hash table entries: 524288 (order: 10, 4194304 bytes)
[    0.019686] Mount-cache hash table entries: 16384 (order: 5, 131072 bytes)
[    0.019695] Mountpoint-cache hash table entries: 16384 (order: 5, 131072 bytes)
[    0.019909] Initializing cgroup subsys io
[    0.019913] Initializing cgroup subsys memory
[    0.019918] Initializing cgroup subsys devices
[    0.019921] Initializing cgroup subsys freezer
[    0.019923] Initializing cgroup subsys net_cls
[    0.019924] Initializing cgroup subsys perf_event
[    0.019926] Initializing cgroup subsys net_prio
[    0.019929] Initializing cgroup subsys hugetlb
[    0.019930] Initializing cgroup subsys pids
[    0.019950] CPU: Physical Processor ID: 0
[    0.019951] CPU: Processor Core ID: 0
[    0.019955] ENERGY_PERF_BIAS: Set to 'normal', was 'performance'
[    0.019956] ENERGY_PERF_BIAS: View and update with x86_energy_perf_policy(8)
[    0.020901] mce: CPU supports 7 MCE banks
[    0.020912] CPU0: Thermal monitoring enabled (TM1)
[    0.020920] process: using mwait in idle threads
[    0.020923] Last level iTLB entries: 4KB 1024, 2MB 1024, 4MB 1024
[    0.020924] Last level dTLB entries: 4KB 1024, 2MB 1024, 4MB 1024, 1GB 4
[    0.021244] Freeing SMP alternatives memory: 32K (ffffffff820b8000 - ffffffff820c0000)
[    0.031119] ftrace: allocating 32111 entries in 126 pages
[    0.043465] smpboot: APIC(0) Converting physical 0 to logical package 0
[    0.043466] smpboot: Max logical packages: 2
[    0.043949] ..TIMER: vector=0x30 apic1=0 pin1=2 apic2=0 pin2=0
[    0.083636] TSC deadline timer enabled
[    0.083639] smpboot: CPU0: Intel(R) Core(TM) i5-4210U CPU @ 1.70GHz (family: 0x6, model: 0x45, stepping: 0x1)
[    0.083655] Performance Events: PEBS fmt2+, 16-deep LBR, Haswell events, full-width counters, Intel PMU driver.
[    0.083674] ... version:                3
[    0.083675] ... bit width:              48
[    0.083676] ... generic registers:      4
[    0.083676] ... value mask:             0000ffffffffffff
[    0.083677] ... max period:             00007fffffffffff
[    0.083678] ... fixed-purpose events:   3
[    0.083679] ... event mask:             000000070000000f
[    0.084418] x86: Booting SMP configuration:
[    0.084420] .... node  #0, CPUs:      #1
[    0.087867] NMI watchdog: enabled on all CPUs, permanently consumes one hw-PMU counter.
[    0.087930]  #2 #3
[    0.094709] x86: Booted up 1 node, 4 CPUs
[    0.094712] smpboot: Total of 4 processors activated (13568.68 BogoMIPS)
[    0.098304] devtmpfs: initialized
[    0.100419] evm: security.selinux
[    0.100420] evm: security.SMACK64
[    0.100421] evm: security.SMACK64EXEC
[    0.100421] evm: security.SMACK64TRANSMUTE
[    0.100422] evm: security.SMACK64MMAP
[    0.100423] evm: security.ima
[    0.100424] evm: security.capability
[    0.100481] PM: Registering ACPI NVS region [mem 0xbab57000-0xbab5dfff] (28672 bytes)
[    0.100482] PM: Registering ACPI NVS region [mem 0xcabc9000-0xcb56efff] (10117120 bytes)
[    0.100661] clocksource: jiffies: mask: 0xffffffff max_cycles: 0xffffffff, max_idle_ns: 7645041785100000 ns
[    0.100734] pinctrl core: initialized pinctrl subsystem
[    0.100833] RTC time:  7:28:50, date: 03/31/17
[    0.100939] NET: Registered protocol family 16
[    0.110193] cpuidle: using governor ladder
[    0.122181] cpuidle: using governor menu
[    0.122184] PCCT header not found.
[    0.122290] ACPI FADT declares the system doesn't support PCIe ASPM, so disable it
[    0.122292] ACPI: bus type PCI registered
[    0.122294] acpiphp: ACPI Hot Plug PCI Controller Driver version: 0.5
[    0.122383] PCI: MMCONFIG for domain 0000 [bus 00-3f] at [mem 0xf8000000-0xfbffffff] (base 0xf8000000)
[    0.122385] PCI: MMCONFIG at [mem 0xf8000000-0xfbffffff] reserved in E820
[    0.122396] PCI: Using configuration type 1 for base access
[    0.122448] core: PMU erratum BJ122, BV98, HSD29 worked around, HT is on
[    0.134609] ACPI: Added _OSI(Module Device)
[    0.134612] ACPI: Added _OSI(Processor Device)
[    0.134613] ACPI: Added _OSI(3.0 _SCP Extensions)
[    0.134615] ACPI: Added _OSI(Processor Aggregator Device)
[    0.139288] ACPI: Executed 1 blocks of module-level executable AML code
[    0.145399] [Firmware Bug]: ACPI: BIOS _OSI(Linux) query ignored
[    0.164924] ACPI: Dynamic OEM Table Load:
[    0.164930] ACPI: SSDT 0xFFFF880225D6F000 0003D3 (v01 PmRef  Cpu0Cst  00003001 INTL 20120711)
[    0.165610] ACPI: Dynamic OEM Table Load:
[    0.165615] ACPI: SSDT 0xFFFF880226323000 0005AA (v01 PmRef  ApIst    00003000 INTL 20120711)
[    0.166332] ACPI: Dynamic OEM Table Load:
[    0.166336] ACPI: SSDT 0xFFFF880225D97600 000119 (v01 PmRef  ApCst    00003000 INTL 20120711)
[    0.167537] ACPI: Interpreter enabled
[    0.167563] ACPI: (supports S0 S3 S4 S5)
[    0.167564] ACPI: Using IOAPIC for interrupt routing
[    0.167589] PCI: Using host bridge windows from ACPI; if necessary, use "pci=nocrs" and report a bug
[    0.169035] ACPI: Power Resource [PC05] (on)
[    0.185363] ACPI: PCI Root Bridge [PCI0] (domain 0000 [bus 00-3e])
[    0.185368] acpi PNP0A08:00: _OSC: OS supports [ExtendedConfig ASPM ClockPM Segments MSI]
[    0.185556] acpi PNP0A08:00: _OSC: platform does not support [PCIeHotplug PME]
[    0.185666] acpi PNP0A08:00: _OSC: OS now controls [AER PCIeCapability]
[    0.185668] acpi PNP0A08:00: FADT indicates ASPM is unsupported, using BIOS configuration
[    0.186045] PCI host bridge to bus 0000:00
[    0.186048] pci_bus 0000:00: root bus resource [io  0x0000-0x0cf7 window]
[    0.186050] pci_bus 0000:00: root bus resource [io  0x0d00-0xffff window]
[    0.186051] pci_bus 0000:00: root bus resource [mem 0x000a0000-0x000bffff window]
[    0.186052] pci_bus 0000:00: root bus resource [mem 0x000d0000-0x000d3fff window]
[    0.186054] pci_bus 0000:00: root bus resource [mem 0x000d4000-0x000d7fff window]
[    0.186055] pci_bus 0000:00: root bus resource [mem 0x000d8000-0x000dbfff window]
[    0.186056] pci_bus 0000:00: root bus resource [mem 0x000dc000-0x000dffff window]
[    0.186058] pci_bus 0000:00: root bus resource [mem 0xcf200000-0xfeafffff window]
[    0.186059] pci_bus 0000:00: root bus resource [bus 00-3e]
[    0.186066] pci 0000:00:00.0: [8086:0a04] type 00 class 0x060000
[    0.186157] pci 0000:00:02.0: [8086:0a16] type 00 class 0x030000
[    0.186170] pci 0000:00:02.0: reg 0x10: [mem 0xf7400000-0xf77fffff 64bit]
[    0.186176] pci 0000:00:02.0: reg 0x18: [mem 0xd0000000-0xdfffffff 64bit pref]
[    0.186180] pci 0000:00:02.0: reg 0x20: [io  0xf000-0xf03f]
[    0.186259] pci 0000:00:03.0: [8086:0a0c] type 00 class 0x040300
[    0.186270] pci 0000:00:03.0: reg 0x10: [mem 0xf7a14000-0xf7a17fff 64bit]
[    0.186364] pci 0000:00:14.0: [8086:9c31] type 00 class 0x0c0330
[    0.186386] pci 0000:00:14.0: reg 0x10: [mem 0xf7a00000-0xf7a0ffff 64bit]
[    0.186431] pci 0000:00:14.0: PME# supported from D3hot D3cold
[    0.186473] pci 0000:00:14.0: System wakeup disabled by ACPI
[    0.186505] pci 0000:00:16.0: [8086:9c3a] type 00 class 0x078000
[    0.186528] pci 0000:00:16.0: reg 0x10: [mem 0xf7a1d000-0xf7a1d01f 64bit]
[    0.186575] pci 0000:00:16.0: PME# supported from D0 D3hot D3cold
[    0.186657] pci 0000:00:1b.0: [8086:9c20] type 00 class 0x040300
[    0.186677] pci 0000:00:1b.0: reg 0x10: [mem 0xf7a10000-0xf7a13fff 64bit]
[    0.186721] pci 0000:00:1b.0: PME# supported from D0 D3hot D3cold
[    0.186764] pci 0000:00:1b.0: System wakeup disabled by ACPI
[    0.186795] pci 0000:00:1c.0: [8086:9c10] type 01 class 0x060400
[    0.186850] pci 0000:00:1c.0: PME# supported from D0 D3hot D3cold
[    0.186925] pci 0000:00:1c.0: System wakeup disabled by ACPI
[    0.186958] pci 0000:00:1c.2: [8086:9c14] type 01 class 0x060400
[    0.187015] pci 0000:00:1c.2: PME# supported from D0 D3hot D3cold
[    0.187086] pci 0000:00:1c.2: System wakeup disabled by ACPI
[    0.187117] pci 0000:00:1c.3: [8086:9c16] type 01 class 0x060400
[    0.187173] pci 0000:00:1c.3: PME# supported from D0 D3hot D3cold
[    0.187244] pci 0000:00:1c.3: System wakeup disabled by ACPI
[    0.187274] pci 0000:00:1c.4: [8086:9c18] type 01 class 0x060400
[    0.187331] pci 0000:00:1c.4: PME# supported from D0 D3hot D3cold
[    0.187409] pci 0000:00:1c.4: System wakeup disabled by ACPI
[    0.187446] pci 0000:00:1d.0: [8086:9c26] type 00 class 0x0c0320
[    0.187472] pci 0000:00:1d.0: reg 0x10: [mem 0xf7a1b000-0xf7a1b3ff]
[    0.187540] pci 0000:00:1d.0: PME# supported from D0 D3hot D3cold
[    0.187594] pci 0000:00:1d.0: System wakeup disabled by ACPI
[    0.187628] pci 0000:00:1f.0: [8086:9c43] type 00 class 0x060100
[    0.187796] pci 0000:00:1f.2: [8086:9c03] type 00 class 0x010601
[    0.187814] pci 0000:00:1f.2: reg 0x10: [io  0xf0b0-0xf0b7]
[    0.187820] pci 0000:00:1f.2: reg 0x14: [io  0xf0a0-0xf0a3]
[    0.187826] pci 0000:00:1f.2: reg 0x18: [io  0xf090-0xf097]
[    0.187832] pci 0000:00:1f.2: reg 0x1c: [io  0xf080-0xf083]
[    0.187839] pci 0000:00:1f.2: reg 0x20: [io  0xf060-0xf07f]
[    0.187845] pci 0000:00:1f.2: reg 0x24: [mem 0xf7a1a000-0xf7a1a7ff]
[    0.187868] pci 0000:00:1f.2: PME# supported from D3hot
[    0.187934] pci 0000:00:1f.3: [8086:9c22] type 00 class 0x0c0500
[    0.187948] pci 0000:00:1f.3: reg 0x10: [mem 0xf7a19000-0xf7a190ff 64bit]
[    0.187966] pci 0000:00:1f.3: reg 0x20: [io  0xf040-0xf05f]
[    0.188093] acpiphp: Slot [1] registered
[    0.188097] pci 0000:00:1c.0: PCI bridge to [bus 04]
[    0.188182] pci 0000:06:00.0: [14e4:4365] type 00 class 0x028000
[    0.188223] pci 0000:06:00.0: reg 0x10: [mem 0xf7900000-0xf7907fff 64bit]
[    0.188319] pci 0000:06:00.0: supports D1 D2
[    0.188321] pci 0000:06:00.0: PME# supported from D0 D3hot D3cold
[    0.188357] pci 0000:06:00.0: System wakeup disabled by ACPI
[    0.194699] pci 0000:00:1c.2: PCI bridge to [bus 06]
[    0.194704] pci 0000:00:1c.2:   bridge window [mem 0xf7900000-0xf79fffff]
[    0.194788] pci 0000:07:00.0: [10ec:8136] type 00 class 0x020000
[    0.194829] pci 0000:07:00.0: reg 0x10: [io  0xe000-0xe0ff]
[    0.194859] pci 0000:07:00.0: reg 0x18: [mem 0xf7800000-0xf7800fff 64bit]
[    0.194878] pci 0000:07:00.0: reg 0x20: [mem 0xf2100000-0xf2103fff 64bit pref]
[    0.194953] pci 0000:07:00.0: supports D1 D2
[    0.194955] pci 0000:07:00.0: PME# supported from D0 D1 D2 D3hot D3cold
[    0.194996] pci 0000:07:00.0: System wakeup disabled by ACPI
[    0.202697] pci 0000:00:1c.3: PCI bridge to [bus 07]
[    0.202701] pci 0000:00:1c.3:   bridge window [io  0xe000-0xefff]
[    0.202704] pci 0000:00:1c.3:   bridge window [mem 0xf7800000-0xf78fffff]
[    0.202710] pci 0000:00:1c.3:   bridge window [mem 0xf2100000-0xf21fffff 64bit pref]
[    0.202785] pci 0000:08:00.0: [10de:1140] type 00 class 0x030200
[    0.202819] pci 0000:08:00.0: reg 0x10: [mem 0xf6000000-0xf6ffffff]
[    0.202836] pci 0000:08:00.0: reg 0x14: [mem 0xe0000000-0xefffffff 64bit pref]
[    0.202852] pci 0000:08:00.0: reg 0x1c: [mem 0xf0000000-0xf1ffffff 64bit pref]
[    0.202864] pci 0000:08:00.0: reg 0x24: [io  0xd000-0xd07f]
[    0.202875] pci 0000:08:00.0: reg 0x30: [mem 0xf7000000-0xf707ffff pref]
[    0.203012] pci 0000:08:00.0: System wakeup disabled by ACPI
[    0.210701] pci 0000:00:1c.4: PCI bridge to [bus 08]
[    0.210705] pci 0000:00:1c.4:   bridge window [io  0xd000-0xdfff]
[    0.210708] pci 0000:00:1c.4:   bridge window [mem 0xf6000000-0xf70fffff]
[    0.210714] pci 0000:00:1c.4:   bridge window [mem 0xe0000000-0xf1ffffff 64bit pref]
[    0.212622] ACPI: PCI Interrupt Link [LNKA] (IRQs 3 4 5 6 10 *11 12 14 15)
[    0.212663] ACPI: PCI Interrupt Link [LNKB] (IRQs 3 4 5 6 10 11 12 14 15) *0, disabled.
[    0.212702] ACPI: PCI Interrupt Link [LNKC] (IRQs *3 4 5 6 10 11 12 14 15)
[    0.212741] ACPI: PCI Interrupt Link [LNKD] (IRQs 3 4 5 6 *10 11 12 14 15)
[    0.212779] ACPI: PCI Interrupt Link [LNKE] (IRQs 3 4 5 6 10 11 12 14 15) *0, disabled.
[    0.212819] ACPI: PCI Interrupt Link [LNKF] (IRQs 3 4 5 6 10 11 12 14 15) *0, disabled.
[    0.212859] ACPI: PCI Interrupt Link [LNKG] (IRQs 3 4 *5 6 10 11 12 14 15)
[    0.212897] ACPI: PCI Interrupt Link [LNKH] (IRQs 3 *4 5 6 10 11 12 14 15)
[    0.214860] ACPI: Enabled 4 GPEs in block 00 to 7F
[    0.214972] vgaarb: setting as boot device: PCI:0000:00:02.0
[    0.214974] vgaarb: device added: PCI:0000:00:02.0,decodes=io+mem,owns=io+mem,locks=none
[    0.214977] vgaarb: loaded
[    0.214978] vgaarb: bridge control possible 0000:00:02.0
[    0.215166] SCSI subsystem initialized
[    0.215202] libata version 3.00 loaded.
[    0.215223] ACPI: bus type USB registered
[    0.215237] usbcore: registered new interface driver usbfs
[    0.215244] usbcore: registered new interface driver hub
[    0.215256] usbcore: registered new device driver usb
[    0.215415] PCI: Using ACPI for IRQ routing
[    0.216646] PCI: pci_cache_line_size set to 64 bytes
[    0.216707] e820: reserve RAM buffer [mem 0x00058000-0x0005ffff]
[    0.216709] e820: reserve RAM buffer [mem 0x0009f000-0x0009ffff]
[    0.216710] e820: reserve RAM buffer [mem 0xbab57000-0xbbffffff]
[    0.216712] e820: reserve RAM buffer [mem 0xbaf88000-0xbbffffff]
[    0.216713] e820: reserve RAM buffer [mem 0xca838000-0xcbffffff]
[    0.216715] e820: reserve RAM buffer [mem 0xcbfff000-0xcbffffff]
[    0.216716] e820: reserve RAM buffer [mem 0x22fe00000-0x22fffffff]
[    0.216846] NetLabel: Initializing
[    0.216847] NetLabel:  domain hash size = 128
[    0.216848] NetLabel:  protocols = UNLABELED CIPSOv4
[    0.216860] NetLabel:  unlabeled traffic allowed by default
[    0.216942] hpet0: at MMIO 0xfed00000, IRQs 2, 8, 0, 0, 0, 0, 0, 0
[    0.216948] hpet0: 8 comparators, 64-bit 14.318180 MHz counter
[    0.218964] amd_nb: Cannot enumerate AMD northbridges
[    0.218980] clocksource: Switched to clocksource hpet
[    0.224502] AppArmor: AppArmor Filesystem Enabled
[    0.224562] pnp: PnP ACPI init
[    0.224657] system 00:00: [mem 0xfed40000-0xfed44fff] has been reserved
[    0.224661] system 00:00: Plug and Play ACPI device, IDs PNP0c01 (active)
[    0.224902] system 00:01: [io  0x0680-0x069f] has been reserved
[    0.224904] system 00:01: [io  0xffff] has been reserved
[    0.224905] system 00:01: [io  0xffff] has been reserved
[    0.224907] system 00:01: [io  0xffff] has been reserved
[    0.224908] system 00:01: [io  0x1c00-0x1cfe] could not be reserved
[    0.224910] system 00:01: [io  0x1d00-0x1dfe] could not be reserved
[    0.224911] system 00:01: [io  0x1e00-0x1efe] could not be reserved
[    0.224913] system 00:01: [io  0x1f00-0x1ffe] could not be reserved
[    0.224914] system 00:01: [io  0x1800-0x18fe] could not be reserved
[    0.224915] system 00:01: [io  0x164e-0x164f] has been reserved
[    0.224918] system 00:01: Plug and Play ACPI device, IDs PNP0c02 (active)
[    0.224941] pnp 00:02: Plug and Play ACPI device, IDs PNP0b00 (active)
[    0.224983] system 00:03: [io  0x1854-0x1857] has been reserved
[    0.224986] system 00:03: Plug and Play ACPI device, IDs INT3f0d PNP0c02 (active)
[    0.225021] system 00:04: [io  0x04d0-0x04d1] has been reserved
[    0.225023] system 00:04: [mem 0xfe800000-0xfe802fff] has been reserved
[    0.225025] system 00:04: Plug and Play ACPI device, IDs PNP0c02 (active)
[    0.225080] pnp 00:05: Plug and Play ACPI device, IDs PNP0303 (active)
[    0.225388] system 00:06: [mem 0xfe102000-0xfe102fff] has been reserved
[    0.225390] system 00:06: [mem 0xfe104000-0xfe104fff] has been reserved
[    0.225391] system 00:06: [mem 0xfe106000-0xfe106fff] has been reserved
[    0.225393] system 00:06: [mem 0xfe10c000-0xfe10cfff] has been reserved
[    0.225394] system 00:06: [mem 0xfe10e000-0xfe10efff] has been reserved
[    0.225396] system 00:06: [mem 0xfe112000-0xfe112fff] has been reserved
[    0.225398] system 00:06: [mem 0xfe111000-0xfe111007] has been reserved
[    0.225399] system 00:06: [mem 0xfe111014-0xfe111fff] has been reserved
[    0.225401] system 00:06: Plug and Play ACPI device, IDs PNP0c02 (active)
[    0.225881] system 00:07: [mem 0xfed1c000-0xfed1ffff] has been reserved
[    0.225882] system 00:07: [mem 0xfed10000-0xfed17fff] has been reserved
[    0.225884] system 00:07: [mem 0xfed18000-0xfed18fff] has been reserved
[    0.225885] system 00:07: [mem 0xfed19000-0xfed19fff] has been reserved
[    0.225887] system 00:07: [mem 0xf8000000-0xfbffffff] has been reserved
[    0.225889] system 00:07: [mem 0xfed20000-0xfed3ffff] has been reserved
[    0.225891] system 00:07: [mem 0xfed90000-0xfed93fff] has been reserved
[    0.225893] system 00:07: [mem 0xfed45000-0xfed8ffff] has been reserved
[    0.225894] system 00:07: [mem 0xff000000-0xffffffff] has been reserved
[    0.225896] system 00:07: [mem 0xfee00000-0xfeefffff] could not be reserved
[    0.225897] system 00:07: [mem 0xf7fee000-0xf7feefff] has been reserved
[    0.225899] system 00:07: [mem 0xf7fd0000-0xf7fdffff] has been reserved
[    0.225901] system 00:07: Plug and Play ACPI device, IDs PNP0c02 (active)
[    0.227873] pnp: PnP ACPI: found 8 devices
[    0.233868] clocksource: acpi_pm: mask: 0xffffff max_cycles: 0xffffff, max_idle_ns: 2085701024 ns
[    0.233897] pci 0000:00:1c.0: PCI bridge to [bus 04]
[    0.233907] pci 0000:00:1c.2: PCI bridge to [bus 06]
[    0.233911] pci 0000:00:1c.2:   bridge window [mem 0xf7900000-0xf79fffff]
[    0.233917] pci 0000:00:1c.3: PCI bridge to [bus 07]
[    0.233919] pci 0000:00:1c.3:   bridge window [io  0xe000-0xefff]
[    0.233923] pci 0000:00:1c.3:   bridge window [mem 0xf7800000-0xf78fffff]
[    0.233926] pci 0000:00:1c.3:   bridge window [mem 0xf2100000-0xf21fffff 64bit pref]
[    0.233930] pci 0000:00:1c.4: PCI bridge to [bus 08]
[    0.233932] pci 0000:00:1c.4:   bridge window [io  0xd000-0xdfff]
[    0.233936] pci 0000:00:1c.4:   bridge window [mem 0xf6000000-0xf70fffff]
[    0.233939] pci 0000:00:1c.4:   bridge window [mem 0xe0000000-0xf1ffffff 64bit pref]
[    0.233944] pci_bus 0000:00: resource 4 [io  0x0000-0x0cf7 window]
[    0.233946] pci_bus 0000:00: resource 5 [io  0x0d00-0xffff window]
[    0.233948] pci_bus 0000:00: resource 6 [mem 0x000a0000-0x000bffff window]
[    0.233949] pci_bus 0000:00: resource 7 [mem 0x000d0000-0x000d3fff window]
[    0.233950] pci_bus 0000:00: resource 8 [mem 0x000d4000-0x000d7fff window]
[    0.233952] pci_bus 0000:00: resource 9 [mem 0x000d8000-0x000dbfff window]
[    0.233953] pci_bus 0000:00: resource 10 [mem 0x000dc000-0x000dffff window]
[    0.233954] pci_bus 0000:00: resource 11 [mem 0xcf200000-0xfeafffff window]
[    0.233956] pci_bus 0000:06: resource 1 [mem 0xf7900000-0xf79fffff]
[    0.233957] pci_bus 0000:07: resource 0 [io  0xe000-0xefff]
[    0.233959] pci_bus 0000:07: resource 1 [mem 0xf7800000-0xf78fffff]
[    0.233960] pci_bus 0000:07: resource 2 [mem 0xf2100000-0xf21fffff 64bit pref]
[    0.233961] pci_bus 0000:08: resource 0 [io  0xd000-0xdfff]
[    0.233962] pci_bus 0000:08: resource 1 [mem 0xf6000000-0xf70fffff]
[    0.233964] pci_bus 0000:08: resource 2 [mem 0xe0000000-0xf1ffffff 64bit pref]
[    0.233992] NET: Registered protocol family 2
[    0.234136] TCP established hash table entries: 65536 (order: 7, 524288 bytes)
[    0.234258] TCP bind hash table entries: 65536 (order: 8, 1048576 bytes)
[    0.234432] TCP: Hash tables configured (established 65536 bind 65536)
[    0.234454] UDP hash table entries: 4096 (order: 5, 131072 bytes)
[    0.234482] UDP-Lite hash table entries: 4096 (order: 5, 131072 bytes)
[    0.234539] NET: Registered protocol family 1
[    0.234554] pci 0000:00:02.0: Video device with shadowed ROM
[    0.255129] PCI: CLS 64 bytes, default 64
[    0.255184] Unpacking initramfs...
[    0.788561] Freeing initrd memory: 37056K (ffff880033790000 - ffff880035bc0000)
[    0.788581] PCI-DMA: Using software bounce buffering for IO (SWIOTLB)
[    0.788583] software IO TLB [mem 0xb6b57000-0xbab57000] (64MB) mapped at [ffff8800b6b57000-ffff8800bab56fff]
[    0.788653] RAPL PMU detected, API unit is 2^-32 Joules, 4 fixed counters 655360 ms ovfl timer
[    0.788654] hw unit of domain pp0-core 2^-14 Joules
[    0.788655] hw unit of domain package 2^-14 Joules
[    0.788656] hw unit of domain dram 2^-14 Joules
[    0.788657] hw unit of domain pp1-gpu 2^-14 Joules
[    0.788787] Scanning for low memory corruption every 60 seconds
[    0.789074] futex hash table entries: 1024 (order: 4, 65536 bytes)
[    0.789106] audit: initializing netlink subsys (disabled)
[    0.789119] audit: type=2000 audit(1490945330.784:1): initialized
[    0.789521] Initialise system trusted keyring
[    0.789626] HugeTLB registered 1 GB page size, pre-allocated 0 pages
[    0.789628] HugeTLB registered 2 MB page size, pre-allocated 0 pages
[    0.790930] zbud: loaded
[    0.791143] VFS: Disk quotas dquot_6.6.0
[    0.791173] VFS: Dquot-cache hash table entries: 512 (order 0, 4096 bytes)
[    0.791409] squashfs: version 4.0 (2009/01/31) Phillip Lougher
[    0.791621] fuse init (API version 7.23)
[    0.791744] Key type big_key registered
[    0.791756] Allocating IMA MOK and blacklist keyrings.
[    0.792055] Key type asymmetric registered
[    0.792057] Asymmetric key parser 'x509' registered
[    0.792089] Block layer SCSI generic (bsg) driver version 0.4 loaded (major 249)
[    0.792114] io scheduler noop registered
[    0.792117] io scheduler deadline registered (default)
[    0.792146] io scheduler cfq registered
[    0.792628] pci_hotplug: PCI Hot Plug PCI Core version: 0.5
[    0.792634] pciehp: PCI Express Hot Plug Controller Driver version: 0.4
[    0.792668] efifb: probing for efifb
[    0.792678] efifb: framebuffer at 0xd0000000, mapped to 0xffffc90001000000, using 4160k, total 4160k
[    0.792679] efifb: mode is 1366x768x32, linelength=5504, pages=1
[    0.792680] efifb: scrolling: redraw
[    0.792681] efifb: Truecolor: size=8:8:8:8, shift=24:16:8:0
[    0.792761] Console: switching to colour frame buffer device 170x48
[    0.792775] fb0: EFI VGA frame buffer device
[    0.792783] intel_idle: MWAIT substates: 0x11142120
[    0.792785] intel_idle: v0.4.1 model 0x45
[    0.792785] intel_idle: lapic_timer_reliable_states 0xffffffff
[    0.793045] ACPI: AC Adapter [AC] (off-line)
[    0.793107] input: Lid Switch as /devices/LNXSYSTM:00/LNXSYBUS:00/PNP0C0D:00/input/input0
[    0.794287] ACPI: Lid Switch [LID0]
[    0.794323] input: Power Button as /devices/LNXSYSTM:00/LNXSYBUS:00/PNP0C0C:00/input/input1
[    0.794325] ACPI: Power Button [PWRB]
[    0.794354] input: Sleep Button as /devices/LNXSYSTM:00/LNXSYBUS:00/PNP0C0E:00/input/input2
[    0.794356] ACPI: Sleep Button [SBTN]
[    0.794384] input: Power Button as /devices/LNXSYSTM:00/LNXPWRBN:00/input/input3
[    0.794386] ACPI: Power Button [PWRF]
[    0.806793] thermal LNXTHERM:00: registered as thermal_zone0
[    0.806795] ACPI: Thermal Zone [THM] (25 C)
[    0.806855] GHES: HEST is not enabled!
[    0.806944] Serial: 8250/16550 driver, 32 ports, IRQ sharing enabled
[    0.808157] Linux agpgart interface v0.103
[    0.809481] loop: module loaded
[    0.809685] libphy: Fixed MDIO Bus: probed
[    0.809689] tun: Universal TUN/TAP device driver, 1.6
[    0.809690] tun: (C) 1999-2004 Max Krasnyansky <maxk@qualcomm.com>
[    0.809726] PPP generic driver version 2.4.2
[    0.809781] ehci_hcd: USB 2.0 'Enhanced' Host Controller (EHCI) Driver
[    0.809786] ehci-pci: EHCI PCI platform driver
[    0.809904] ehci-pci 0000:00:1d.0: EHCI Host Controller
[    0.809910] ehci-pci 0000:00:1d.0: new USB bus registered, assigned bus number 1
[    0.809921] ehci-pci 0000:00:1d.0: debug port 2
[    0.813815] ehci-pci 0000:00:1d.0: cache line size of 64 is not supported
[    0.813826] ehci-pci 0000:00:1d.0: irq 23, io mem 0xf7a1b000
[    0.822991] ehci-pci 0000:00:1d.0: USB 2.0 started, EHCI 1.00
[    0.823057] usb usb1: New USB device found, idVendor=1d6b, idProduct=0002
[    0.823061] usb usb1: New USB device strings: Mfr=3, Product=2, SerialNumber=1
[    0.823064] usb usb1: Product: EHCI Host Controller
[    0.823068] usb usb1: Manufacturer: Linux 4.4.0-70-generic ehci_hcd
[    0.823071] usb usb1: SerialNumber: 0000:00:1d.0
[    0.823862] hub 1-0:1.0: USB hub found
[    0.823872] hub 1-0:1.0: 2 ports detected
[    0.824310] ACPI: Battery Slot [BAT0] (battery present)
[    0.824461] ehci-platform: EHCI generic platform driver
[    0.824477] ohci_hcd: USB 1.1 'Open' Host Controller (OHCI) Driver
[    0.824484] ohci-pci: OHCI PCI platform driver
[    0.824497] ohci-platform: OHCI generic platform driver
[    0.824507] uhci_hcd: USB Universal Host Controller Interface driver
[    0.824625] xhci_hcd 0000:00:14.0: xHCI Host Controller
[    0.824629] xhci_hcd 0000:00:14.0: new USB bus registered, assigned bus number 2
[    0.825684] xhci_hcd 0000:00:14.0: hcc params 0x200077c1 hci version 0x100 quirks 0x0004b810
[    0.825688] xhci_hcd 0000:00:14.0: cache line size of 64 is not supported
[    0.825748] usb usb2: New USB device found, idVendor=1d6b, idProduct=0002
[    0.825750] usb usb2: New USB device strings: Mfr=3, Product=2, SerialNumber=1
[    0.825751] usb usb2: Product: xHCI Host Controller
[    0.825752] usb usb2: Manufacturer: Linux 4.4.0-70-generic xhci-hcd
[    0.825753] usb usb2: SerialNumber: 0000:00:14.0
[    0.825919] hub 2-0:1.0: USB hub found
[    0.825927] hub 2-0:1.0: 9 ports detected
[    0.827577] xhci_hcd 0000:00:14.0: xHCI Host Controller
[    0.827580] xhci_hcd 0000:00:14.0: new USB bus registered, assigned bus number 3
[    0.827599] usb usb3: New USB device found, idVendor=1d6b, idProduct=0003
[    0.827600] usb usb3: New USB device strings: Mfr=3, Product=2, SerialNumber=1
[    0.827601] usb usb3: Product: xHCI Host Controller
[    0.827602] usb usb3: Manufacturer: Linux 4.4.0-70-generic xhci-hcd
[    0.827603] usb usb3: SerialNumber: 0000:00:14.0
[    0.827781] hub 3-0:1.0: USB hub found
[    0.827787] hub 3-0:1.0: 4 ports detected
[    0.828410] i8042: PNP: PS/2 Controller [PNP0303:PS2K] at 0x60,0x64 irq 1
[    0.828411] i8042: PNP: PS/2 appears to have AUX port disabled, if this is incorrect please boot with i8042.nopnp
[    0.829367] serio: i8042 KBD port at 0x60,0x64 irq 1
[    0.829602] mousedev: PS/2 mouse device common for all mice
[    0.829920] rtc_cmos 00:02: RTC can wake from S4
[    0.830038] rtc_cmos 00:02: rtc core: registered rtc_cmos as rtc0
[    0.830071] rtc_cmos 00:02: alarms up to one month, y3k, 242 bytes nvram, hpet irqs
[    0.830077] i2c /dev entries driver
[    0.830117] device-mapper: uevent: version 1.0.3
[    0.830190] device-mapper: ioctl: 4.34.0-ioctl (2015-10-28) initialised: dm-devel@redhat.com
[    0.830219] Intel P-state driver initializing.
[    0.830399] ledtrig-cpu: registered to indicate activity on CPUs
[    0.830407] EFI Variables Facility v0.08 2004-May-17
[    0.837685] NET: Registered protocol family 10
[    0.837902] NET: Registered protocol family 17
[    0.837921] Key type dns_resolver registered
[    0.838199] microcode: CPU0 sig=0x40651, pf=0x40, revision=0x1c
[    0.838205] microcode: CPU1 sig=0x40651, pf=0x40, revision=0x1c
[    0.838220] microcode: CPU2 sig=0x40651, pf=0x40, revision=0x1c
[    0.838231] microcode: CPU3 sig=0x40651, pf=0x40, revision=0x1c
[    0.838278] microcode: Microcode Update Driver: v2.01 <tigran@aivazian.fsnet.co.uk>, Peter Oruba
[    0.838472] registered taskstats version 1
[    0.838490] Loading compiled-in X.509 certificates
[    0.839506] Loaded X.509 cert 'Build time autogenerated kernel key: a4cff54e0cc9179d8dcdcbb195a5dba42f5df569'
[    0.839530] zswap: loaded using pool lzo/zbud
[    0.841824] Key type trusted registered
[    0.844922] Key type encrypted registered
[    0.844928] AppArmor: AppArmor sha1 policy hashing enabled
[    0.844931] ima: No TPM chip found, activating TPM-bypass!
[    0.844946] evm: HMAC attrs: 0x1
[    0.845384]   Magic number: 9:976:471
[    0.845423] acpi INT33D7:00: hash matches
[    0.845483] rtc_cmos 00:02: setting system clock to 2017-03-31 07:28:51 UTC (1490945331)
[    0.845537] BIOS EDD facility v0.16 2004-Jun-25, 0 devices found
[    0.845537] EDD information not available.
[    0.845627] PM: Hibernation image not present or could not be loaded.
[    0.846615] Freeing unused kernel memory: 1484K (ffffffff81f45000 - ffffffff820b8000)
[    0.846616] Write protecting the kernel read-only data: 14336k
[    0.847054] Freeing unused kernel memory: 1776K (ffff880002844000 - ffff880002a00000)
[    0.847361] Freeing unused kernel memory: 120K (ffff880002de2000 - ffff880002e00000)
[    0.851830] input: AT Translated Set 2 keyboard as /devices/platform/i8042/serio0/input/input4
[    0.860338] random: systemd-udevd: uninitialized urandom read (16 bytes read, 4 bits of entropy available)
[    0.860400] random: systemd-udevd: uninitialized urandom read (16 bytes read, 4 bits of entropy available)
[    0.860413] random: systemd-udevd: uninitialized urandom read (16 bytes read, 4 bits of entropy available)
[    0.860783] random: udevadm: uninitialized urandom read (16 bytes read, 4 bits of entropy available)
[    0.860824] random: udevadm: uninitialized urandom read (16 bytes read, 4 bits of entropy available)
[    0.861040] random: udevadm: uninitialized urandom read (16 bytes read, 4 bits of entropy available)
[    0.861079] random: udevadm: uninitialized urandom read (16 bytes read, 4 bits of entropy available)
[    0.861114] random: udevadm: uninitialized urandom read (16 bytes read, 4 bits of entropy available)
[    0.861148] random: udevadm: uninitialized urandom read (16 bytes read, 4 bits of entropy available)
[    0.861187] random: udevadm: uninitialized urandom read (16 bytes read, 4 bits of entropy available)
[    0.879910] FUJITSU Extended Socket Network Device Driver - version 1.0 - Copyright (c) 2015 FUJITSU LIMITED
[    0.885061] hidraw: raw HID events driver (C) Jiri Kosina
[    0.890000] sdhci: Secure Digital Host Controller Interface driver
[    0.890002] sdhci: Copyright(c) Pierre Ossman
[    0.891787] wmi: Mapper loaded
[    0.909038] r8169 Gigabit Ethernet driver 2.3LK-NAPI loaded
[    0.909058] r8169 0000:07:00.0: can't disable ASPM; OS doesn't have ASPM control
[    0.909517] r8169 0000:07:00.0 eth0: RTL8106e at 0xffffc9000001e000, b8:2a:72:ae:0b:e1, XID 04900000 IRQ 41
[    0.910922] [drm] Initialized drm 1.1.0 20060810
[    0.910926] ahci 0000:00:1f.2: version 3.0
[    0.927153] ahci 0000:00:1f.2: AHCI 0001.0300 32 slots 4 ports 6 Gbps 0x3 impl SATA mode
[    0.927163] ahci 0000:00:1f.2: flags: 64bit ncq pm led clo only pio slum part deso sadm sds apst 
[    0.929812] scsi host0: ahci
[    0.931000] scsi host1: ahci
[    0.935348] scsi host2: ahci
[    0.935462] scsi host3: ahci
[    0.935531] ata1: SATA max UDMA/133 abar m2048@0xf7a1a000 port 0xf7a1a100 irq 42
[    0.935534] ata2: SATA max UDMA/133 abar m2048@0xf7a1a000 port 0xf7a1a180 irq 42
[    0.935536] ata3: DUMMY
[    0.935538] ata4: DUMMY
[    0.950774] [drm] Memory usable by graphics device = 2048M
[    0.950780] checking generic (d0000000 410000) vs hw (d0000000 10000000)
[    0.950781] fb: switching to inteldrmfb from EFI VGA
[    0.950815] Console: switching to colour dummy device 80x25
[    0.950890] [drm] Replacing VGA console driver
[    0.954549] MXM: GUID detected in BIOS
[    0.954620] ACPI Warning: \_SB_.PCI0.RP05.PEGP._DSM: Argument #4 type mismatch - Found [Buffer], ACPI requires [Package] (20150930/nsarguments-95)
[    0.954674] ACPI Warning: \_SB_.PCI0.RP05.PEGP._DSM: Argument #4 type mismatch - Found [Buffer], ACPI requires [Package] (20150930/nsarguments-95)
[    0.954840] pci 0000:08:00.0: optimus capabilities: enabled, status dynamic power, hda bios codec supported
[    0.954842] VGA switcheroo: detected Optimus DSM method \_SB_.PCI0.RP05.PEGP handle
[    0.954861] nouveau 0000:08:00.0: enabling device (0006 -> 0007)
[    0.955014] nouveau 0000:08:00.0: NVIDIA GF117 (0d7000a2)
[    0.957278] [drm] Supports vblank timestamp caching Rev 2 (21.10.2013).
[    0.957280] [drm] Driver supports precise vblank timestamp query.
[    0.958053] vgaarb: device changed decodes: PCI:0000:00:02.0,olddecodes=io+mem,decodes=io+mem:owns=io+mem
[    0.964131] r8169 0000:07:00.0 enp7s0: renamed from eth0
[    0.973953] nouveau 0000:08:00.0: bios: version 75.17.86.00.04
[    0.975846] fbcon: inteldrmfb (fb0) is primary device
[    0.975959] Console: switching to colour frame buffer device 170x48
[    0.975997] i915 0000:00:02.0: fb0: inteldrmfb frame buffer device
[    0.976878] [Firmware Bug]: ACPI(PEGP) defines _DOD but not _DOS
[    0.978904] ACPI: Video Device [PEGP] (multi-head: yes  rom: yes  post: no)
[    0.978908] ACPI Error: [\_SB_.PCI0.GFX0.DD02._BCL] Namespace lookup failure, AE_NOT_FOUND (20150930/psargs-359)
[    0.978912] ACPI Error: Method parse/execution failed [\_SB.PCI0.RP05.PEGP.DD02._BCL] (Node ffff8802270f15f0), AE_NOT_FOUND (20150930/psparse-542)
[    0.979101] input: Video Bus as /devices/LNXSYSTM:00/LNXSYBUS:00/PNP0A08:00/device:08/LNXVIDEO:00/input/input5
[    0.981135] ACPI: Video Device [GFX0] (multi-head: yes  rom: no  post: no)
[    0.981261] input: Video Bus as /devices/LNXSYSTM:00/LNXSYBUS:00/PNP0A08:00/LNXVIDEO:01/input/input6
[    0.981332] [drm] Initialized i915 1.6.0 20151010 for 0000:00:02.0 on minor 0
[    1.063964] nouveau 0000:08:00.0: fb: 2048 MiB DDR3
[    1.135013] usb 1-1: new high-speed USB device number 2 using ehci-pci
[    1.255013] ata1: SATA link up 6.0 Gbps (SStatus 133 SControl 300)
[    1.255029] ata2: SATA link up 1.5 Gbps (SStatus 113 SControl 300)
[    1.256616] ata1.00: supports DRM functions and may not be fully accessible
[    1.256792] ata1.00: READ LOG DMA EXT failed, trying unqueued
[    1.256865] ata1.00: failed to get NCQ Send/Recv Log Emask 0x1
[    1.256866] ata1.00: ATA-9: Samsung SSD 850 EVO 250GB, EMT01B6Q, max UDMA/133
[    1.256868] ata1.00: 488397168 sectors, multi 1: LBA48 NCQ (depth 31/32), AA
[    1.257322] ata1.00: supports DRM functions and may not be fully accessible
[    1.257449] ata1.00: failed to get NCQ Send/Recv Log Emask 0x1
[    1.257564] ata1.00: configured for UDMA/133
[    1.257764] ata2.00: ATAPI: HL-DT-ST DVD+/-RW GU90N, A100, max UDMA/100
[    1.257858] scsi 0:0:0:0: Direct-Access     ATA      Samsung SSD 850  1B6Q PQ: 0 ANSI: 5
[    1.258160] sd 0:0:0:0: [sda] 488397168 512-byte logical blocks: (250 GB/233 GiB)
[    1.258174] sd 0:0:0:0: Attached scsi generic sg0 type 0
[    1.258317] sd 0:0:0:0: [sda] Write Protect is off
[    1.258319] sd 0:0:0:0: [sda] Mode Sense: 00 3a 00 00
[    1.258355] sd 0:0:0:0: [sda] Write cache: enabled, read cache: enabled, doesn't support DPO or FUA
[    1.260040] ata2.00: configured for UDMA/100
[    1.260044]  sda: sda1 sda2 sda3 sda4 sda5 sda6 sda7 sda8 sda9 sda10
[    1.260934] sd 0:0:0:0: [sda] Attached SCSI disk
[    1.262599] scsi 1:0:0:0: CD-ROM            HL-DT-ST DVD+-RW GU90N    A100 PQ: 0 ANSI: 5
[    1.267400] usb 1-1: New USB device found, idVendor=8087, idProduct=8000
[    1.267402] usb 1-1: New USB device strings: Mfr=0, Product=0, SerialNumber=0
[    1.267673] hub 1-1:1.0: USB hub found
[    1.267749] hub 1-1:1.0: 8 ports detected
[    1.278514] sr 1:0:0:0: [sr0] scsi3-mmc drive: 24x/24x writer dvd-ram cd/rw xa/form2 cdda tray
[    1.278517] cdrom: Uniform CD-ROM driver Revision: 3.20
[    1.278650] sr 1:0:0:0: Attached scsi CD-ROM sr0
[    1.278721] sr 1:0:0:0: Attached scsi generic sg1 type 5
[    1.539018] usb 1-1.5: new high-speed USB device number 3 using ehci-pci
[    1.662901] usb 1-1.5: New USB device found, idVendor=064e, idProduct=9205
[    1.662904] usb 1-1.5: New USB device strings: Mfr=3, Product=1, SerialNumber=2
[    1.662905] usb 1-1.5: Product: Integrated_Webcam_HD
[    1.662907] usb 1-1.5: Manufacturer: SuYin
[    1.662908] usb 1-1.5: SerialNumber: HF1316-T840-SS02-W-REV4122
[    1.735005] usb 1-1.6: new full-speed USB device number 4 using ehci-pci
[    1.787018] tsc: Refined TSC clocksource calibration: 1696.072 MHz
[    1.787021] clocksource: tsc: mask: 0xffffffffffffffff max_cycles: 0x1872a8bea72, max_idle_ns: 440795261668 ns
[    1.830402] usb 1-1.6: New USB device found, idVendor=0a5c, idProduct=21d7
[    1.830405] usb 1-1.6: New USB device strings: Mfr=1, Product=2, SerialNumber=3
[    1.830407] usb 1-1.6: Product: BCM43142A0
[    1.830408] usb 1-1.6: Manufacturer: Broadcom Corp
[    1.830409] usb 1-1.6: SerialNumber: 9CD21EE3FC46
[    1.903010] usb 1-1.8: new high-speed USB device number 5 using ehci-pci
[    1.995873] usb 1-1.8: New USB device found, idVendor=0bda, idProduct=0129
[    1.995876] usb 1-1.8: New USB device strings: Mfr=1, Product=2, SerialNumber=3
[    1.995877] usb 1-1.8: Product: USB2.0-CRW
[    1.995879] usb 1-1.8: Manufacturer: Generic
[    1.995880] usb 1-1.8: SerialNumber: 20100201396000000
[    2.000450] usbcore: registered new interface driver rtsx_usb
[    2.343293] vga_switcheroo: enabled
[    2.343451] [TTM] Zone  kernel: Available graphics memory: 4038498 kiB
[    2.343453] [TTM] Zone   dma32: Available graphics memory: 2097152 kiB
[    2.343454] [TTM] Initializing pool allocator
[    2.343457] [TTM] Initializing DMA pool allocator
[    2.343466] nouveau 0000:08:00.0: DRM: VRAM: 2048 MiB
[    2.343467] nouveau 0000:08:00.0: DRM: GART: 1048576 MiB
[    2.343470] nouveau 0000:08:00.0: DRM: Pointer to TMDS table invalid
[    2.343472] nouveau 0000:08:00.0: DRM: DCB version 4.0
[    2.343473] nouveau 0000:08:00.0: DRM: Pointer to flat panel table invalid
[    2.453239] nouveau 0000:08:00.0: DRM: MM: using COPY0 for buffer copies
[    2.453245] [drm] Initialized nouveau 1.3.1 20120801 for 0000:08:00.0 on minor 1
[    2.561264] EXT4-fs (sda3): mounted filesystem with ordered data mode. Opts: (null)
[    2.644402] systemd[1]: systemd 229 running in system mode. (+PAM +AUDIT +SELINUX +IMA +APPARMOR +SMACK +SYSVINIT +UTMP +LIBCRYPTSETUP +GCRYPT +GNUTLS +ACL +XZ -LZ4 +SECCOMP +BLKID +ELFUTILS +KMOD -IDN)
[    2.644552] systemd[1]: Detected architecture x86-64.
[    2.644728] systemd[1]: Set hostname to <dear3442>.
[    2.730537] systemd[1]: Started Forward Password Requests to Wall Directory Watch.
[    2.730615] systemd[1]: Listening on Journal Audit Socket.
[    2.730629] systemd[1]: Reached target Swap.
[    2.730651] systemd[1]: Listening on udev Kernel Socket.
[    2.730681] systemd[1]: Listening on /dev/initctl Compatibility Named Pipe.
[    2.730692] systemd[1]: Reached target Encrypted Volumes.
[    2.730794] systemd[1]: Set up automount Arbitrary Executable File Formats File System Automount Point.
[    2.730810] systemd[1]: Reached target Remote File Systems (Pre).
[    2.731115] systemd[1]: Created slice System Slice.
[    2.731176] systemd[1]: Listening on Journal Socket.
[    2.755135] systemd[1]: Mounting POSIX Message Queue File System...
[    2.756044] systemd[1]: Starting Create list of required static device nodes for the current kernel...
[    2.757034] systemd[1]: Started Braille Device Support.
[    2.758613] systemd[1]: Mounting Huge Pages File System...
[    2.759543] systemd[1]: Starting Uncomplicated firewall...
[    2.759616] systemd[1]: Listening on Journal Socket (/dev/log).
[    2.760424] systemd[1]: Mounting Debug File System...
[    2.760480] systemd[1]: Reached target Remote File Systems.
[    2.760881] systemd[1]: Created slice User and Session Slice.
[    2.760906] systemd[1]: Reached target Slices.
[    2.760956] systemd[1]: Listening on Syslog Socket.
[    2.761745] systemd[1]: Starting Journal Service...
[    2.763609] systemd[1]: Starting Load Kernel Modules...
[    2.764356] systemd[1]: Starting Set console keymap...
[    2.764748] systemd[1]: Created slice system-systemd\x2dfsck.slice.
[    2.764784] systemd[1]: Reached target User and Group Name Lookups.
[    2.764866] systemd[1]: Listening on udev Control Socket.
[    2.764914] systemd[1]: Listening on fsck to fsckd communication Socket.
[    2.765675] systemd[1]: Started Read required files in advance.
[    2.768235] systemd[1]: Mounted Debug File System.
[    2.768303] systemd[1]: Mounted POSIX Message Queue File System.
[    2.768344] systemd[1]: Mounted Huge Pages File System.
[    2.768881] systemd[1]: Started Create list of required static device nodes for the current kernel.
[    2.769346] systemd[1]: Started Uncomplicated firewall.
[    2.779271] lp: driver loaded but no devices found
[    2.782517] ppdev: user-space parallel port driver
[    2.788984] systemd[1]: systemd-modules-load.service: Main process exited, code=exited, status=1/FAILURE
[    2.789649] systemd[1]: Failed to start Load Kernel Modules.
[    2.789722] clocksource: Switched to clocksource tsc
[    2.789748] systemd[1]: systemd-modules-load.service: Unit entered failed state.
[    2.789774] systemd[1]: systemd-modules-load.service: Failed with result 'exit-code'.
[    2.802866] systemd[1]: Started Journal Service.
[    2.907348] EXT4-fs (sda3): re-mounted. Opts: errors=remount-ro
[    2.924117] systemd-journald[279]: Received request to flush runtime journal from PID 1
[    3.028122] random: nonblocking pool is initialized
[    3.031504] dw_dmac INTL9C60:00: DesignWare DMA Controller, 8 channels
[    3.099833] shpchp: Standard Hot Plug PCI Controller Driver version: 0.4
[    3.126842] snd_hda_intel 0000:00:03.0: enabling device (0000 -> 0002)
[    3.127022] snd_hda_intel 0000:00:03.0: bound 0000:00:02.0 (ops i915_audio_component_bind_ops [i915])
[    3.127405] snd_hda_intel 0000:00:1b.0: enabling device (0000 -> 0002)
[    3.155049] input: HDA Intel HDMI HDMI/DP,pcm=3 as /devices/pci0000:00/0000:00:03.0/sound/card0/input7
[    3.155134] input: HDA Intel HDMI HDMI/DP,pcm=7 as /devices/pci0000:00/0000:00:03.0/sound/card0/input8
[    3.155211] input: HDA Intel HDMI HDMI/DP,pcm=8 as /devices/pci0000:00/0000:00:03.0/sound/card0/input9
[    3.159961] media: Linux media interface: v0.10
[    3.169366] Linux video capture interface: v2.00
[    3.179620] snd_hda_codec_realtek hdaudioC1D0: autoconfig for ALC3234: line_outs=1 (0x14/0x0/0x0/0x0/0x0) type:speaker
[    3.179625] snd_hda_codec_realtek hdaudioC1D0:    speaker_outs=0 (0x0/0x0/0x0/0x0/0x0)
[    3.179628] snd_hda_codec_realtek hdaudioC1D0:    hp_outs=1 (0x21/0x0/0x0/0x0/0x0)
[    3.179630] snd_hda_codec_realtek hdaudioC1D0:    mono: mono_out=0x0
[    3.179632] snd_hda_codec_realtek hdaudioC1D0:    inputs:
[    3.179635] snd_hda_codec_realtek hdaudioC1D0:      Headset Mic=0x19
[    3.179638] snd_hda_codec_realtek hdaudioC1D0:      Headphone Mic=0x1a
[    3.179640] snd_hda_codec_realtek hdaudioC1D0:      Internal Mic=0x12
[    3.184915] AVX2 version of gcm_enc/dec engaged.
[    3.184918] AES CTR mode by8 optimization enabled
[    3.187242] Bluetooth: Core ver 2.21
[    3.187258] NET: Registered protocol family 31
[    3.187260] Bluetooth: HCI device and connection manager initialized
[    3.187263] Bluetooth: HCI socket layer initialized
[    3.187267] Bluetooth: L2CAP socket layer initialized
[    3.187273] Bluetooth: SCO socket layer initialized
[    3.200688] input: HDA Intel PCH Headphone Mic as /devices/pci0000:00/0000:00:1b.0/sound/card1/input10
[    3.209851] uvcvideo: Found UVC 1.00 device Integrated_Webcam_HD (064e:9205)
[    3.215578] input: Integrated_Webcam_HD as /devices/pci0000:00/0000:00:1d.0/usb1/1-1/1-1.5/1-1.5:1.0/input/input11
[    3.218393] usbcore: registered new interface driver uvcvideo
[    3.218395] USB Video Class driver (1.1.1)
[    3.224586] usbcore: registered new interface driver btusb
[    3.225820] wl: module license 'MIXED/Proprietary' taints kernel.
[    3.225823] Disabling lock debugging due to kernel taint
[    3.228704] wl: module verification failed: signature and/or required key missing - tainting kernel
[    3.230173] Bluetooth: hci0: BCM: chip id 70
[    3.231419] wl 0000:06:00.0: enabling device (0000 -> 0002)
[    3.250970] Bluetooth: hci0: BCM43142A
[    3.250975] Bluetooth: hci0: BCM (001.001.011) build 0000
[    3.258164] bluetooth hci0: Direct firmware load for brcm/BCM.hcd failed with error -2
[    3.258169] Bluetooth: hci0: BCM: Patch brcm/BCM.hcd not found
[    3.260335] intel_rapl: Found RAPL domain package
[    3.260339] intel_rapl: Found RAPL domain core
[    3.260343] intel_rapl: Found RAPL domain uncore
[    3.260345] intel_rapl: Found RAPL domain dram
[    3.260350] intel_rapl: RAPL package 0 domain package locked by BIOS
[    3.260355] intel_rapl: RAPL package 0 domain dram locked by BIOS
[    3.298153] dcdbas dcdbas: Dell Systems Management Base Driver (version 5.6.0-3.2)
[    3.347264] input: Dell WMI hotkeys as /devices/virtual/input/input12
[    3.359703] hid-rmi 0018:06CB:2985.0001: Scanning PDT...
[    3.361879] hid-rmi 0018:06CB:2985.0001: Found F34 on page 0x00
[    3.364082] hid-rmi 0018:06CB:2985.0001: Found F01 on page 0x00
[    3.366767] hid-rmi 0018:06CB:2985.0001: Found F11 on page 0x00
[    3.371519] hid-rmi 0018:06CB:2985.0001: Found F54 on page 0x01
[    3.373098] hid-rmi 0018:06CB:2985.0001: Found F30 on page 0x01
[    3.375151] wlan0: Broadcom BCM4365 802.11 Hybrid Wireless Controller 6.30.223.271 (r587334)
[    3.378239] hid-rmi 0018:06CB:2985.0001: Found F55 on page 0x02
[    3.382655] cfg80211: World regulatory domain updated:
[    3.382659] cfg80211:  DFS Master region: unset
[    3.382660] cfg80211:   (start_freq - end_freq @ bandwidth), (max_antenna_gain, max_eirp), (dfs_cac_time)
[    3.382664] cfg80211:   (2402000 KHz - 2472000 KHz @ 40000 KHz), (N/A, 2000 mBm), (N/A)
[    3.382666] cfg80211:   (2457000 KHz - 2482000 KHz @ 40000 KHz), (N/A, 2000 mBm), (N/A)
[    3.382668] cfg80211:   (2474000 KHz - 2494000 KHz @ 20000 KHz), (N/A, 2000 mBm), (N/A)
[    3.382671] cfg80211:   (5170000 KHz - 5250000 KHz @ 80000 KHz, 160000 KHz AUTO), (N/A, 2000 mBm), (N/A)
[    3.382674] cfg80211:   (5250000 KHz - 5330000 KHz @ 80000 KHz, 160000 KHz AUTO), (N/A, 2000 mBm), (0 s)
[    3.382676] cfg80211:   (5490000 KHz - 5730000 KHz @ 160000 KHz), (N/A, 2000 mBm), (0 s)
[    3.382678] cfg80211:   (5735000 KHz - 5835000 KHz @ 80000 KHz), (N/A, 2000 mBm), (N/A)
[    3.382681] cfg80211:   (57240000 KHz - 63720000 KHz @ 2160000 KHz), (N/A, 0 mBm), (N/A)
[    3.384925] hid-rmi 0018:06CB:2985.0001: rmi_scan_pdt: Done with PDT scan.
[    3.403837] wl 0000:06:00.0 wlp6s0: renamed from wlan0
[    3.427723] hid-rmi 0018:06CB:2985.0001: rmi_populate_f11: size in mm: 102 x 57
[    3.437732] EXT4-fs (sda4): mounted filesystem with ordered data mode. Opts: (null)
[    3.448739] hid-rmi 0018:06CB:2985.0001: firmware id: 1567123
[    3.448812] input: DLL0652:00 06CB:2985 as /devices/pci0000:00/INT33C3:00/i2c-10/i2c-DLL0652:00/0018:06CB:2985.0001/input/input13
[    3.448988] hid-rmi 0018:06CB:2985.0001: input,hidraw0: I2C HID v1.00 Mouse [DLL0652:00 06CB:2985] on i2c-DLL0652:00
[    3.606364] audit: type=1400 audit(1490945334.256:2): apparmor="STATUS" operation="profile_load" profile="unconfined" name="docker-default" pid=738 comm="apparmor_parser"
[    3.611054] audit: type=1400 audit(1490945334.264:3): apparmor="STATUS" operation="profile_load" profile="unconfined" name="/sbin/dhclient" pid=740 comm="apparmor_parser"
[    3.611065] audit: type=1400 audit(1490945334.264:4): apparmor="STATUS" operation="profile_load" profile="unconfined" name="/usr/lib/NetworkManager/nm-dhcp-client.action" pid=740 comm="apparmor_parser"
[    3.611072] audit: type=1400 audit(1490945334.264:5): apparmor="STATUS" operation="profile_load" profile="unconfined" name="/usr/lib/NetworkManager/nm-dhcp-helper" pid=740 comm="apparmor_parser"
[    3.611078] audit: type=1400 audit(1490945334.264:6): apparmor="STATUS" operation="profile_load" profile="unconfined" name="/usr/lib/connman/scripts/dhclient-script" pid=740 comm="apparmor_parser"
[    3.612730] audit: type=1400 audit(1490945334.264:7): apparmor="STATUS" operation="profile_load" profile="unconfined" name="/usr/lib/lightdm/lightdm-guest-session" pid=739 comm="apparmor_parser"
[    3.612741] audit: type=1400 audit(1490945334.264:8): apparmor="STATUS" operation="profile_load" profile="unconfined" name="/usr/lib/lightdm/lightdm-guest-session//chromium" pid=739 comm="apparmor_parser"
[    3.614236] audit: type=1400 audit(1490945334.264:9): apparmor="STATUS" operation="profile_load" profile="unconfined" name="/usr/lib/snapd/snap-confine" pid=749 comm="apparmor_parser"
[    3.614249] audit: type=1400 audit(1490945334.264:10): apparmor="STATUS" operation="profile_load" profile="unconfined" name="/usr/lib/snapd/snap-confine//mount-namespace-capture-helper" pid=749 comm="apparmor_parser"
[    4.010580] vboxdrv: Found 4 processor cores
[    4.027889] vboxdrv: TSC mode is Invariant, tentative frequency 1696071598 Hz
[    4.027893] vboxdrv: Successfully loaded version 5.1.2 (interface 0x00260000)
[    4.153988] nouveau 0000:08:00.0: bus: MMIO write of ffffff1f FAULT at 6013d4 [ IBUS ]
[    4.232480] VBoxNetFlt: Successfully started.
[    4.234680] VBoxNetAdp: Successfully started.
[    4.236707] VBoxPciLinuxInit
[    4.240196] vboxpci: IOMMU not found (not registered)
[    4.425154] IPv6: ADDRCONF(NETDEV_UP): wlp6s0: link is not ready
[    4.428049] IPv6: ADDRCONF(NETDEV_UP): enp7s0: link is not ready
[    4.612127] r8169 0000:07:00.0 enp7s0: link down
[    4.612166] IPv6: ADDRCONF(NETDEV_UP): enp7s0: link is not ready
[    4.982413] Bluetooth: BNEP (Ethernet Emulation) ver 1.3
[    4.982416] Bluetooth: BNEP filters: protocol multicast
[    4.982421] Bluetooth: BNEP socket layer initialized
[    5.181621] aufs 4.x-rcN-20160111
[    5.230615] bridge: automatic filtering via arp/ip/ip6tables has been deprecated. Update your scripts to load br_netfilter if you need this.
[    5.232909] Bridge firewalling registered
[    5.240214] nf_conntrack version 0.5.0 (65536 buckets, 262144 max)
[    5.262964] Bluetooth: hci0 command 0x1003 tx timeout
[    5.273500] ip_tables: (C) 2000-2006 Netfilter Core Team
[    5.324727] Bluetooth: RFCOMM TTY layer initialized
[    5.324757] Bluetooth: RFCOMM socket layer initialized
[    5.324775] Bluetooth: RFCOMM ver 1.11
[    5.377872] Initializing XFRM netlink socket
[    5.450154] IPv6: ADDRCONF(NETDEV_UP): docker0: link is not ready
[    5.755392] aufs au_opts_verify:1597:dockerd[1159]: dirperm1 breaks the protection by the permission bits on the lower branch
[    7.883814] cfg80211: Regulatory domain changed to country: CN
[    7.883818] cfg80211:  DFS Master region: FCC
[    7.883819] cfg80211:   (start_freq - end_freq @ bandwidth), (max_antenna_gain, max_eirp), (dfs_cac_time)
[    7.883821] cfg80211:   (2402000 KHz - 2482000 KHz @ 40000 KHz), (N/A, 2000 mBm), (N/A)
[    7.883823] cfg80211:   (5170000 KHz - 5250000 KHz @ 80000 KHz, 160000 KHz AUTO), (N/A, 2300 mBm), (N/A)
[    7.883824] cfg80211:   (5250000 KHz - 5330000 KHz @ 80000 KHz, 160000 KHz AUTO), (N/A, 2300 mBm), (0 s)
[    7.883825] cfg80211:   (5735000 KHz - 5835000 KHz @ 80000 KHz), (N/A, 3000 mBm), (N/A)
[    7.883827] cfg80211:   (57240000 KHz - 59400000 KHz @ 2160000 KHz), (N/A, 2800 mBm), (N/A)
[    7.883828] cfg80211:   (59400000 KHz - 63720000 KHz @ 2160000 KHz), (N/A, 4400 mBm), (N/A)
[    7.883829] cfg80211:   (63720000 KHz - 65880000 KHz @ 2160000 KHz), (N/A, 2800 mBm), (N/A)
[    9.806946] ACPI Warning: \_SB_.PCI0.RP05.PEGP._DSM: Argument #4 type mismatch - Found [Buffer], ACPI requires [Package] (20150930/nsarguments-95)
[    9.807275] ACPI: \_SB_.PCI0.RP05.PEGP: failed to evaluate _DSM
[    9.807282] ACPI Warning: \_SB_.PCI0.RP05.PEGP._DSM: Argument #4 type mismatch - Found [Buffer], ACPI requires [Package] (20150930/nsarguments-95)
[    9.807518] nouveau 0000:08:00.0: DRM: evicting buffers...
[    9.825247] nouveau 0000:08:00.0: DRM: waiting for kernel channels to go idle...
[    9.825315] nouveau 0000:08:00.0: DRM: suspending client object trees...
[    9.825692] nouveau 0000:08:00.0: DRM: suspending kernel object tree...
[   10.455593] 8021q: 802.1Q VLAN Support v1.8
